E:/STM32CubeIDE/F446RET6 Streamdeck/Drivers/lvgl/src/core/lv_obj_style.h:204:20:lv_obj_set_style_pad_hor	1
E:/STM32CubeIDE/F446RET6 Streamdeck/Drivers/lvgl/src/core/lv_obj_style.h:210:20:lv_obj_set_style_pad_ver	1
../Core/Src/main.c:101:13:HID_WaitReady	4
../Core/Src/main.c:112:13:HID_Keyboard_Combo	1
../Core/Src/main.c:134:13:HID_Consumer_Press	1
../Core/Src/main.c:159:13:Buttons_Init	2
../Core/Src/main.c:188:16:Buttons_Scan	3
../Core/Src/main.c:205:13:Button_Action	7
../Core/Src/main.c:233:13:Buttons_Handle	3
../Core/Src/main.c:264:15:Encoder_ReadStep	3
../Core/Src/main.c:274:18:Encoder_ButtonEvent	13
../Core/Src/main.c:399:16:Wrap	2
../Core/Src/main.c:406:13:Show	2
../Core/Src/main.c:418:13:Theme_Apply	7
../Core/Src/main.c:449:13:Game_Spawn	1
../Core/Src/main.c:455:13:Game_Start	1
../Core/Src/main.c:466:13:Game_Move	6
../Core/Src/main.c:475:13:Game_Update	7
../Core/Src/main.c:500:13:UI_Render	9
../Core/Src/main.c:564:13:Screen_Go	2
../Core/Src/main.c:573:13:UI_Init	2
../Core/Src/main.c:623:13:OnButtonEvent	15
../Core/Src/main.c:660:13:OnRotate	10
../Core/Src/main.c:696:5:main	2
../Core/Src/main.c:778:6:SystemClock_Config	6
../Core/Src/main.c:853:13:MX_TIM3_Init	1
../Core/Src/main.c:912:13:MX_DMA_Init	1
../Core/Src/main.c:940:13:MX_GPIO_Init	1
../Core/Src/main.c:989:6:Error_Handler	1
