../Core/Src/main.c:92:13:Image_Change	16	static
../Core/Src/main.c:136:13:HID_WaitReady	16	static
../Core/Src/main.c:147:13:HID_Keyboard_Combo	32	static
../Core/Src/main.c:169:13:HID_Consumer_Press	24	static
../Core/Src/main.c:194:13:Buttons_Init	16	static
../Core/Src/main.c:223:16:Buttons_Scan	16	static
../Core/Src/main.c:240:13:Button_Action	16	static
../Core/Src/main.c:275:13:Buttons_Handle	16	static
../Core/Src/main.c:310:15:Encoder_ReadStep	16	static
../Core/Src/main.c:320:18:Encoder_ButtonEvent	16	static
../Core/Src/main.c:354:13:Mode_Handle	16	static
../Core/Src/main.c:379:13:Encoder_Rotate	16	static
../Core/Src/main.c:401:5:main	24	static
../Core/Src/main.c:489:6:SystemClock_Config	8	static
../Core/Src/main.c:562:13:MX_SPI1_Init	8	static
../Core/Src/main.c:600:13:MX_TIM3_Init	4	static
../Core/Src/main.c:659:13:MX_DMA_Init	8	static
../Core/Src/main.c:687:13:MX_GPIO_Init	4	static
../Core/Src/main.c:736:6:Error_Handler	4	static,ignoring_inline_asm
