E:/STM32CubeIDE/F446RET6 Streamdeck/Drivers/lvgl/src/core/lv_obj_style.h:204:20:lv_obj_set_style_pad_hor	1
E:/STM32CubeIDE/F446RET6 Streamdeck/Drivers/lvgl/src/core/lv_obj_style.h:210:20:lv_obj_set_style_pad_ver	1
../Core/Src/main.c:102:13:HID_WaitReady	4
../Core/Src/main.c:113:13:HID_Keyboard_Combo	1
../Core/Src/main.c:135:13:HID_Consumer_Press	1
../Core/Src/main.c:160:13:Buttons_Init	2
../Core/Src/main.c:189:16:Buttons_Scan	3
../Core/Src/main.c:206:13:Button_Action	7
../Core/Src/main.c:241:13:Buttons_Handle	3
../Core/Src/main.c:272:15:Encoder_ReadStep	3
../Core/Src/main.c:282:18:Encoder_ButtonEvent	13
../Core/Src/main.c:407:16:Wrap	2
../Core/Src/main.c:414:13:Show	2
../Core/Src/main.c:426:13:Theme_Apply	7
../Core/Src/main.c:457:13:Game_Spawn	1
../Core/Src/main.c:463:13:Game_Start	1
../Core/Src/main.c:474:13:Game_Move	6
../Core/Src/main.c:483:13:Game_Update	7
../Core/Src/main.c:508:13:UI_Render	9
../Core/Src/main.c:572:13:Screen_Go	2
../Core/Src/main.c:581:13:UI_Init	2
../Core/Src/main.c:631:13:OnButtonEvent	15
../Core/Src/main.c:668:13:OnRotate	10
../Core/Src/main.c:704:5:main	2
../Core/Src/main.c:786:6:SystemClock_Config	6
../Core/Src/main.c:859:13:MX_SPI1_Init	2
../Core/Src/main.c:897:13:MX_TIM3_Init	1
../Core/Src/main.c:956:13:MX_DMA_Init	1
../Core/Src/main.c:984:13:MX_GPIO_Init	1
../Core/Src/main.c:1033:6:Error_Handler	1
